2026-01-17 14:39:25.188 [info] === SHOWDIAGRAM COMMAND STARTED ===
2026-01-17 14:39:25.188 [info] Attempting to open database: /Users/suzukimitsuru/Documents/Projects/vscode-code-relationship-diagram/exsample-workspace/.vscode/crd.duckdb
2026-01-17 14:39:25.189 [info] Checking database file existence: /Users/suzukimitsuru/Documents/Projects/vscode-code-relationship-diagram/exsample-workspace/.vscode/crd.duckdb
2026-01-17 14:39:25.202 [info] Loaded symbol: 15 counts
2026-01-17 14:39:25.205 [info] Loaded relationships: 16 counts
2026-01-17 14:39:25.206 [info] [0.000s][  0.00%] Starting code relationship diagram generation...
2026-01-17 14:39:25.206 [info] [0.000s][  0.00%] Input: 15 symbols, 16 relationships
2026-01-17 14:39:25.206 [info] [0.000s][  0.00%] Symbol 1: main.c (File) in src/main.c
2026-01-17 14:39:25.206 [info] [0.000s][  0.00%] Symbol 2: main() (Function) in src/main.c
2026-01-17 14:39:25.206 [info] [0.000s][  0.00%] Symbol 3: math_utils.c (File) in src/math_utils.c
2026-01-17 14:39:25.207 [info] 0.001s  10.00%: Created new webview panel
2026-01-17 14:39:25.208 [info] 0.002s  15.00%: Generated loading content
2026-01-17 14:39:25.380 [info] Progress updated: 20% - Processing symbols...
2026-01-17 14:39:25.380 [info] 0.174s  20.00%: Creating graph elements from symbols and relationships (multi-view)...
2026-01-17 14:39:25.380 [info] 0.174s  30.00%: Created 3 file nodes and 15 total symbol nodes
2026-01-17 14:39:25.380 [info] 0.174s  30.50%: Nodes with parent: 12 (80.00%)
2026-01-17 14:39:25.380 [info] Symbol 0: id=src/main.c, name=main.c, kind=0, path=src/main.c
2026-01-17 14:39:25.380 [info] Symbol 1: id=src/main.c/Function.main()@83c873a3749b35bd98f397e873ac266510c77deb79ab7e79664afcc4f1ee0204, name=main(), kind=11, path=src/main.c
2026-01-17 14:39:25.380 [info] Symbol 2: id=src/math_utils.c, name=math_utils.c, kind=0, path=src/math_utils.c
2026-01-17 14:39:25.381 [info] Symbol 3: id=src/math_utils.c/Function.add(int, int)@a5de93fa2c1b5dc347958d3cbba7522092b1889eac3a357b3aa8c231b28ab611, name=add(int, int), kind=11, path=src/math_utils.c
2026-01-17 14:39:25.381 [info] Symbol 4: id=src/math_utils.c/Function.multiply(int, int)@4bdbac56fe881fc6ea78600d9b93df5925066cf50308f30c70b2a4c092773ceb, name=multiply(int, int), kind=11, path=src/math_utils.c
2026-01-17 14:39:25.381 [info] [0.1749288749999996s][ 34.50%] Created symbol index with 15 entries
2026-01-17 14:39:25.381 [info] [0.17498212499999954s][ 35.00%] Starting to process 16 relationships...
2026-01-17 14:39:25.381 [info] [0.17510433399999964s][ 35.01%] Relationship 1: src/main.c -> src/math_utils.c
2026-01-17 14:39:25.382 [info] Debug ref 0: from.id=src/main.c/Function.main()@83c873a3749b35bd98f397e873ac266510c77deb79ab7e79664afcc4f1ee0204, to.id=src/math_utils.c/Function.distance(Point, Point)@f0dc335e5f416ec97378b1c84e2c67a9eda00b9f9b1a7ae5d6bcdf330a0f4792
2026-01-17 14:39:25.382 [info] Debug symbols total count: 15
2026-01-17 14:39:25.382 [info] Found referenceSymbol: main()
2026-01-17 14:39:25.382 [info] Found defineSymbol: distance(Point, Point)
2026-01-17 14:39:25.382 [info] [0.17648283399999945s][ 35.02%] Relationship 2: src/string_utils.c -> src/math_utils.c
2026-01-17 14:39:25.383 [info] Debug ref 1: from.id=src/string_utils.c/Function.print_string_info(const char *)@4d1e2c786b2c952504897bced9710510a9cfdecf84d6a828664b006de6338318, to.id=src/math_utils.c/Function.print_result(const char *, double)@a39b6995b38bc118a599cbe0a900db9ba4742a79c1083f6db2a2d8c01dc24d14
2026-01-17 14:39:25.383 [info] Debug symbols total count: 15
2026-01-17 14:39:25.383 [info] Found referenceSymbol: print_string_info(const char *)
2026-01-17 14:39:25.383 [info] Found defineSymbol: print_result(const char *, double)
2026-01-17 14:39:25.383 [info] [0.17703079199999958s][ 35.03%] Relationship 3: src/string_utils.c -> src/math_utils.c
2026-01-17 14:39:25.383 [info] Debug ref 2: from.id=src/string_utils.c/Function.string_statistics(const char * [], int)@8c1eeac3e7cb668f07fefcbf659579d0c46e8b2e50e4a741035b002343f1426a, to.id=src/math_utils.c/Function.print_result(const char *, double)@a39b6995b38bc118a599cbe0a900db9ba4742a79c1083f6db2a2d8c01dc24d14
2026-01-17 14:39:25.383 [info] Debug symbols total count: 15
2026-01-17 14:39:25.383 [info] Found referenceSymbol: string_statistics(const char * [], int)
2026-01-17 14:39:25.383 [info] Found defineSymbol: print_result(const char *, double)
2026-01-17 14:39:25.383 [info] [0.17754995899999995s][ 35.04%] Relationship 4: src/main.c -> src/math_utils.c
2026-01-17 14:39:25.383 [info] [0.1776078749999997s][ 35.05%] Relationship 5: src/string_utils.c -> src/math_utils.c
2026-01-17 14:39:25.383 [info] 0.178s  40.00%: Processed 16 relationships into 3 file relations
2026-01-17 14:39:25.383 [info] [0.17774316699999962s][ 42.00%] Added 15 nodes to graph
2026-01-17 14:39:25.383 [info] [0.17779808400000002s][ 45.00%] Starting to generate edges from 3 file relations...
2026-01-17 14:39:25.384 [info] [0.1779102499999999s][ 45.01%] Processing relation: main.c -> math_utils.c (count: 9)
2026-01-17 14:39:25.384 [info] 0.178s  47.01%: Created edge: main.c → math_utils.c (9 relations)
2026-01-17 14:39:25.384 [info] [0.17806945899999937s][ 45.02%] Processing relation: string_utils.c -> math_utils.c (count: 5)
2026-01-17 14:39:25.384 [info] 0.178s  47.02%: Created edge: string_utils.c → math_utils.c (5 relations)
2026-01-17 14:39:25.384 [info] [0.1781877089999998s][ 45.03%] Processing relation: main.c -> string_utils.c (count: 2)
2026-01-17 14:39:25.384 [info] 0.178s  47.03%: Created edge: main.c → string_utils.c (2 relations)
2026-01-17 14:39:25.384 [info] 0.178s  50.00%: Generated 3 file-level edges from 3 file relations
2026-01-17 14:39:25.384 [info] 0.178s  51.00%: Generated 16 symbol-level edges from 16 relationships
2026-01-17 14:39:25.384 [info] 0.178s  52.00%: Relationship details:
2026-01-17 14:39:25.384 [info] 0.179s  52.33%:   main.c → math_utils.c: 9 relationships
2026-01-17 14:39:25.384 [info] 0.179s  52.67%:   string_utils.c → math_utils.c: 5 relationships
2026-01-17 14:39:25.384 [info] 0.179s  52.100%:   main.c → string_utils.c: 2 relationships
2026-01-17 14:39:25.384 [info] 0.179s  53.00%: Relations statistics: Total=16, Avg=5.33, Max=9, Min=2
2026-01-17 14:39:25.384 [info] 0.179s  58.00%: Multi-view graph summary:
2026-01-17 14:39:25.384 [info] 0.179s  58.50%:   - Total nodes: 15 (3 files, 12 symbols)
2026-01-17 14:39:25.385 [info] 0.179s  59.00%:   - Total edges: 19 (3 file-level, 16 symbol-level)
2026-01-17 14:39:25.385 [info] 0.179s  59.50%:   - Total symbols in files: 12
2026-01-17 14:39:25.385 [info] 0.179s  60.00%: Created graph elements: 15 nodes, 19 edges (4.876ms)
2026-01-17 14:39:25.486 [info] Progress updated: 50% - Generating graph...
2026-01-17 14:39:25.487 [info] 0.281s  70.00%: Generated webview content (multi-view) (0.287ms)
2026-01-17 14:39:25.518 [info] 0.312s  62.00%: Webview initialization complete (received ready signal)
2026-01-17 14:39:25.592 [info] Progress updated: 60% - Sending graph data...
2026-01-17 14:39:25.593 [info] 0.387s  61.00%: Waiting for webview initialization...
2026-01-17 14:39:25.593 [info] 0.387s  63.00%: Webview ready confirmed, starting data transmission...
2026-01-17 14:39:25.695 [info] Progress updated: 64% - Calculating layout...
2026-01-17 14:39:25.695 [info] [0.4894335419999998s] Calculating layout for 15 nodes, 19 edges...
2026-01-17 14:39:25.695 [info] [0.4895412919999999s] Using 15 nodes (all symbols)
2026-01-17 14:39:25.695 [info] [0.48960420900000007s] Small dataset detected. Using Dagre layout for optimal quality...
2026-01-17 14:39:25.696 [info] [0.4897903339999993s] Calculating Dagre layout for 15 nodes, 19 edges...
2026-01-17 14:39:25.696 [info] [0.48991304200000013s] Using 15 nodes (all symbols)
2026-01-17 14:39:25.696 [info] [0.4899745419999999s] Parent-child edges: 12, Relationship edges: 16, Total: 28
2026-01-17 14:39:25.696 [info] [0.4900289589999993s] Sample nodes: main.c (kind=0, parent=none), main() (kind=11, parent=src/main.c), math_utils.c (kind=0, parent=none)
2026-01-17 14:39:25.696 [info] [0.4901189999999997s] Total edges for Dagre: 28 (parent-child + relationship)
2026-01-17 14:39:25.696 [info] [0.4902737499999994s] Layout: Initializing Dagre graph... (0%)
2026-01-17 14:39:25.696 [info] [0.4904039589999993s] Layout: Registering 15 nodes... (10%)
2026-01-17 14:39:25.697 [info] [0.490954334s] Layout: Registering 28 edges... (30%)
2026-01-17 14:39:25.697 [info] [0.49130425000000016s] Layout: Computing layout... (40%)
2026-01-17 14:39:25.707 [info] [0.5010873339999998s] Layout: Extracting positions... (80%)
2026-01-17 14:39:25.707 [info] [0.5014001250000001s] Layout: Layout calculation completed in 0.01s (95%)
2026-01-17 14:39:25.708 [info] [0.5017899170000001s] Layout calculation complete: 15 positions
2026-01-17 14:39:25.708 [info] 0.502s  75.00%: Calculated layout: 15 positions (12.535ms)
2026-01-17 14:39:25.708 [info] 0.502s  76.00%: Sending 15 positions to webview...
2026-01-17 14:39:25.708 [info] 0.502s  76.50%: Sample positions: src/main.c=(2228,1520), src/main.c/Function.main()@83c873a3749b35bd98f397e873ac266510c77deb79ab7e79664afcc4f1ee0204=(2228,972), src/math_utils.c=(1965,398)
2026-01-17 14:39:25.709 [info] 0.502s  78.00%: ✓ Sent layout positions to webview
2026-01-17 14:39:25.709 [info] [0.5037174999999997s][ 61.00%] Sending 34 elements in chunks of 5000...
2026-01-17 14:39:25.761 [info] [0.5552655420000001s][ 61.00%] Sent nodes chunk 1/1 (15 nodes)
2026-01-17 14:39:25.817 [info] [0.6112318749999995s][ 71.00%] Sent edges chunk 1/1 (19 edges)
2026-01-17 14:39:25.818 [info] [0.6118829169999999s][ 86.00%] Data transmission complete
2026-01-17 14:39:25.818 [info] 0.612s  95.00%: Sent graph data to webview (108.497ms)
2026-01-17 14:39:25.818 [info] 0.612s 100.00%: Code relationship diagram generation completed in 0.612s
2026-01-17 14:39:25.818 [info] Show Diagram completed
2026-01-17 14:39:25.818 [info] Code relationship diagram displayed
